---
source: crates/loq_cli/tests/snapshots.rs
expression: json
---
{
  "version": "[version]",
  "violations": [
    {
      "lines": 20,
      "max_lines": 10,
      "path": "toolong.rs",
      "rule": "default"
    }
  ],
  "skip_warnings": [],
  "walk_errors": [],
  "summary": {
    "files_checked": 1,
    "skipped": 0,
    "passed": 0,
    "violations": 1,
    "walk_errors": 0
  }
}
